Archive member included to satisfy reference by file (symbol)

/usr/lib/gcc/avr/14.2.0/avr5/libgcc.a(_exit.o)
                              /usr/lib/gcc/avr/14.2.0/../../../../avr/lib/avr5/crtatmega328p.o (exit)
/usr/lib/gcc/avr/14.2.0/avr5/libgcc.a(_copy_data.o)
                              main.o (__do_copy_data)
/usr/lib/gcc/avr/14.2.0/avr5/libgcc.a(_clear_bss.o)
                              adc.o (__do_clear_bss)
/usr/lib/gcc/avr/14.2.0/../../../../avr/lib/avr5/libc.a(itoa_ncheck.o)
                              main.o (__itoa_ncheck)
/usr/lib/gcc/avr/14.2.0/../../../../avr/lib/avr5/libc.a(utoa_ncheck.o)
                              /usr/lib/gcc/avr/14.2.0/../../../../avr/lib/avr5/libc.a(itoa_ncheck.o) (__utoa_common)
/usr/lib/gcc/avr/14.2.0/../../../../avr/lib/avr5/libc.a(strrev.o)
                              /usr/lib/gcc/avr/14.2.0/../../../../avr/lib/avr5/libc.a(utoa_ncheck.o) (strrev)

Discarded input sections

 .data          0x00000000        0x0 /usr/lib/gcc/avr/14.2.0/../../../../avr/lib/avr5/crtatmega328p.o
 .bss           0x00000000        0x0 /usr/lib/gcc/avr/14.2.0/../../../../avr/lib/avr5/crtatmega328p.o
 .text          0x00000000        0x0 adc.o
 .data          0x00000000        0x0 adc.o
 .bss           0x00000000        0x0 adc.o
 .text          0x00000000        0x0 main.o
 .data          0x00000000        0x0 main.o
 .bss           0x00000000        0x0 main.o
 .text          0x00000000        0x0 usart.o
 .data          0x00000000        0x0 usart.o
 .bss           0x00000000        0x0 usart.o
 .text.usart_receive
                0x00000000        0xe usart.o
 .text          0x00000000        0x0 /usr/lib/gcc/avr/14.2.0/avr5/libgcc.a(_exit.o)
 .data          0x00000000        0x0 /usr/lib/gcc/avr/14.2.0/avr5/libgcc.a(_exit.o)
 .bss           0x00000000        0x0 /usr/lib/gcc/avr/14.2.0/avr5/libgcc.a(_exit.o)
 .text.libgcc.mul
                0x00000000        0x0 /usr/lib/gcc/avr/14.2.0/avr5/libgcc.a(_exit.o)
 .text.libgcc.div
                0x00000000        0x0 /usr/lib/gcc/avr/14.2.0/avr5/libgcc.a(_exit.o)
 .text.libgcc   0x00000000        0x0 /usr/lib/gcc/avr/14.2.0/avr5/libgcc.a(_exit.o)
 .text.libgcc.prologue
                0x00000000        0x0 /usr/lib/gcc/avr/14.2.0/avr5/libgcc.a(_exit.o)
 .text.libgcc.builtins
                0x00000000        0x0 /usr/lib/gcc/avr/14.2.0/avr5/libgcc.a(_exit.o)
 .text.libgcc.fmul
                0x00000000        0x0 /usr/lib/gcc/avr/14.2.0/avr5/libgcc.a(_exit.o)
 .text.libgcc.fixed
                0x00000000        0x0 /usr/lib/gcc/avr/14.2.0/avr5/libgcc.a(_exit.o)
 .text          0x00000000        0x0 /usr/lib/gcc/avr/14.2.0/avr5/libgcc.a(_copy_data.o)
 .data          0x00000000        0x0 /usr/lib/gcc/avr/14.2.0/avr5/libgcc.a(_copy_data.o)
 .bss           0x00000000        0x0 /usr/lib/gcc/avr/14.2.0/avr5/libgcc.a(_copy_data.o)
 .text.libgcc.mul
                0x00000000        0x0 /usr/lib/gcc/avr/14.2.0/avr5/libgcc.a(_copy_data.o)
 .text.libgcc.div
                0x00000000        0x0 /usr/lib/gcc/avr/14.2.0/avr5/libgcc.a(_copy_data.o)
 .text.libgcc   0x00000000        0x0 /usr/lib/gcc/avr/14.2.0/avr5/libgcc.a(_copy_data.o)
 .text.libgcc.prologue
                0x00000000        0x0 /usr/lib/gcc/avr/14.2.0/avr5/libgcc.a(_copy_data.o)
 .text.libgcc.builtins
                0x00000000        0x0 /usr/lib/gcc/avr/14.2.0/avr5/libgcc.a(_copy_data.o)
 .text.libgcc.fmul
                0x00000000        0x0 /usr/lib/gcc/avr/14.2.0/avr5/libgcc.a(_copy_data.o)
 .text.libgcc.fixed
                0x00000000        0x0 /usr/lib/gcc/avr/14.2.0/avr5/libgcc.a(_copy_data.o)
 .text          0x00000000        0x0 /usr/lib/gcc/avr/14.2.0/avr5/libgcc.a(_clear_bss.o)
 .data          0x00000000        0x0 /usr/lib/gcc/avr/14.2.0/avr5/libgcc.a(_clear_bss.o)
 .bss           0x00000000        0x0 /usr/lib/gcc/avr/14.2.0/avr5/libgcc.a(_clear_bss.o)
 .text.libgcc.mul
                0x00000000        0x0 /usr/lib/gcc/avr/14.2.0/avr5/libgcc.a(_clear_bss.o)
 .text.libgcc.div
                0x00000000        0x0 /usr/lib/gcc/avr/14.2.0/avr5/libgcc.a(_clear_bss.o)
 .text.libgcc   0x00000000        0x0 /usr/lib/gcc/avr/14.2.0/avr5/libgcc.a(_clear_bss.o)
 .text.libgcc.prologue
                0x00000000        0x0 /usr/lib/gcc/avr/14.2.0/avr5/libgcc.a(_clear_bss.o)
 .text.libgcc.builtins
                0x00000000        0x0 /usr/lib/gcc/avr/14.2.0/avr5/libgcc.a(_clear_bss.o)
 .text.libgcc.fmul
                0x00000000        0x0 /usr/lib/gcc/avr/14.2.0/avr5/libgcc.a(_clear_bss.o)
 .text.libgcc.fixed
                0x00000000        0x0 /usr/lib/gcc/avr/14.2.0/avr5/libgcc.a(_clear_bss.o)
 .text          0x00000000        0x0 /usr/lib/gcc/avr/14.2.0/../../../../avr/lib/avr5/libc.a(itoa_ncheck.o)
 .data          0x00000000        0x0 /usr/lib/gcc/avr/14.2.0/../../../../avr/lib/avr5/libc.a(itoa_ncheck.o)
 .bss           0x00000000        0x0 /usr/lib/gcc/avr/14.2.0/../../../../avr/lib/avr5/libc.a(itoa_ncheck.o)
 .text          0x00000000        0x0 /usr/lib/gcc/avr/14.2.0/../../../../avr/lib/avr5/libc.a(utoa_ncheck.o)
 .data          0x00000000        0x0 /usr/lib/gcc/avr/14.2.0/../../../../avr/lib/avr5/libc.a(utoa_ncheck.o)
 .bss           0x00000000        0x0 /usr/lib/gcc/avr/14.2.0/../../../../avr/lib/avr5/libc.a(utoa_ncheck.o)
 .text          0x00000000        0x0 /usr/lib/gcc/avr/14.2.0/../../../../avr/lib/avr5/libc.a(strrev.o)
 .data          0x00000000        0x0 /usr/lib/gcc/avr/14.2.0/../../../../avr/lib/avr5/libc.a(strrev.o)
 .bss           0x00000000        0x0 /usr/lib/gcc/avr/14.2.0/../../../../avr/lib/avr5/libc.a(strrev.o)

Memory Configuration

Name             Origin             Length             Attributes
text             0x00000000         0x00008000         xr
data             0x00800100         0x00000800         rw!x
eeprom           0x00810000         0x00000400         rw!x
fuse             0x00820000         0x00000003         rw!x
lock             0x00830000         0x00000400         rw!x
signature        0x00840000         0x00000400         rw!x
user_signatures  0x00850000         0x00000400         rw!x
*default*        0x00000000         0xffffffff

Linker script and memory map

Address of section .data set to 0x800100
LOAD /usr/lib/gcc/avr/14.2.0/../../../../avr/lib/avr5/crtatmega328p.o
LOAD adc.o
LOAD main.o
LOAD usart.o
START GROUP
LOAD /usr/lib/gcc/avr/14.2.0/avr5/libgcc.a
LOAD /usr/lib/gcc/avr/14.2.0/../../../../avr/lib/avr5/libm.a
LOAD /usr/lib/gcc/avr/14.2.0/../../../../avr/lib/avr5/libc.a
LOAD /usr/lib/gcc/avr/14.2.0/../../../../avr/lib/avr5/libatmega328p.a
END GROUP
                0x00000000                        __TEXT_REGION_ORIGIN__ = DEFINED (__TEXT_REGION_ORIGIN__)?__TEXT_REGION_ORIGIN__:0x0
                [0x00008000]                      __TEXT_REGION_LENGTH__ = DEFINED (__TEXT_REGION_LENGTH__)?__TEXT_REGION_LENGTH__:0x20000
                [0x00800100]                      __DATA_REGION_ORIGIN__ = DEFINED (__DATA_REGION_ORIGIN__)?__DATA_REGION_ORIGIN__:0x800060
                [0x00000800]                      __DATA_REGION_LENGTH__ = DEFINED (__DATA_REGION_LENGTH__)?__DATA_REGION_LENGTH__:0xffa0
                [0x00000400]                      __EEPROM_REGION_LENGTH__ = DEFINED (__EEPROM_REGION_LENGTH__)?__EEPROM_REGION_LENGTH__:0x10000
                [0x00000003]                      __FUSE_REGION_LENGTH__ = DEFINED (__FUSE_REGION_LENGTH__)?__FUSE_REGION_LENGTH__:0x400
                0x00000400                        __LOCK_REGION_LENGTH__ = DEFINED (__LOCK_REGION_LENGTH__)?__LOCK_REGION_LENGTH__:0x400
                0x00000400                        __SIGNATURE_REGION_LENGTH__ = DEFINED (__SIGNATURE_REGION_LENGTH__)?__SIGNATURE_REGION_LENGTH__:0x400
                0x00000400                        __USER_SIGNATURE_REGION_LENGTH__ = DEFINED (__USER_SIGNATURE_REGION_LENGTH__)?__USER_SIGNATURE_REGION_LENGTH__:0x400

.hash
 *(.hash)

.dynsym
 *(.dynsym)

.dynstr
 *(.dynstr)

.gnu.version
 *(.gnu.version)

.gnu.version_d
 *(.gnu.version_d)

.gnu.version_r
 *(.gnu.version_r)

.rel.init
 *(.rel.init)

.rela.init
 *(.rela.init)

.rel.text
 *(.rel.text)
 *(.rel.text.*)
 *(.rel.gnu.linkonce.t*)

.rela.text
 *(.rela.text)
 *(.rela.text.*)
 *(.rela.gnu.linkonce.t*)

.rel.fini
 *(.rel.fini)

.rela.fini
 *(.rela.fini)

.rel.rodata
 *(.rel.rodata)
 *(.rel.rodata.*)
 *(.rel.gnu.linkonce.r*)

.rela.rodata
 *(.rela.rodata)
 *(.rela.rodata.*)
 *(.rela.gnu.linkonce.r*)

.rel.data
 *(.rel.data)
 *(.rel.data.*)
 *(.rel.gnu.linkonce.d*)

.rela.data
 *(.rela.data)
 *(.rela.data.*)
 *(.rela.gnu.linkonce.d*)

.rel.ctors
 *(.rel.ctors)

.rela.ctors
 *(.rela.ctors)

.rel.dtors
 *(.rel.dtors)

.rela.dtors
 *(.rela.dtors)

.rel.got
 *(.rel.got)

.rela.got
 *(.rela.got)

.rel.bss
 *(.rel.bss)

.rela.bss
 *(.rela.bss)

.rel.plt
 *(.rel.plt)

.rela.plt
 *(.rela.plt)

.text           0x00000000      0x2f2
 *(.vectors)
 .vectors       0x00000000       0x68 /usr/lib/gcc/avr/14.2.0/../../../../avr/lib/avr5/crtatmega328p.o
                0x00000000                __vectors
                0x00000000                __vector_default
 *(.vectors)
 *(.progmem.gcc*)
                0x00000068                        . = ALIGN (0x2)
                0x00000068                        __trampolines_start = .
 *(.trampolines)
 .trampolines   0x00000068        0x0 linker stubs
 *(.trampolines*)
                0x00000068                        __trampolines_end = .
 *libprintf_flt.a:*(.progmem.data)
 *libc.a:*(.progmem.data)
 *(.progmem.*)
                0x00000068                        . = ALIGN (0x2)
 *(.lowtext)
 *(.lowtext*)
                0x00000068                        __ctors_start = .
 *(.ctors)
                0x00000068                        __ctors_end = .
                0x00000068                        __dtors_start = .
 *(.dtors)
                0x00000068                        __dtors_end = .
 SORT_BY_NAME(*)(.ctors)
 SORT_BY_NAME(*)(.dtors)
 *(.init0)
 .init0         0x00000068        0x0 /usr/lib/gcc/avr/14.2.0/../../../../avr/lib/avr5/crtatmega328p.o
                0x00000068                __init
 *(.init0)
 *(.init1)
 *(.init1)
 *(.init2)
 .init2         0x00000068        0xc /usr/lib/gcc/avr/14.2.0/../../../../avr/lib/avr5/crtatmega328p.o
 *(.init2)
 *(.init3)
 *(.init3)
 *(.init4)
 .init4         0x00000074       0x16 /usr/lib/gcc/avr/14.2.0/avr5/libgcc.a(_copy_data.o)
                0x00000074                __do_copy_data
 .init4         0x0000008a       0x10 /usr/lib/gcc/avr/14.2.0/avr5/libgcc.a(_clear_bss.o)
                0x0000008a                __do_clear_bss
 *(.init4)
 *(.init5)
 *(.init5)
 *(.init6)
 *(.init6)
 *(.init7)
 *(.init7)
 *(.init8)
 *(.init8)
 *(.init9)
 .init9         0x0000009a        0x8 /usr/lib/gcc/avr/14.2.0/../../../../avr/lib/avr5/crtatmega328p.o
 *(.init9)
 *(.text)
 .text          0x000000a2        0x4 /usr/lib/gcc/avr/14.2.0/../../../../avr/lib/avr5/crtatmega328p.o
                0x000000a2                __vector_22
                0x000000a2                __vector_1
                0x000000a2                __vector_24
                0x000000a2                __vector_12
                0x000000a2                __bad_interrupt
                0x000000a2                __vector_6
                0x000000a2                __vector_3
                0x000000a2                __vector_23
                0x000000a2                __vector_25
                0x000000a2                __vector_11
                0x000000a2                __vector_13
                0x000000a2                __vector_17
                0x000000a2                __vector_19
                0x000000a2                __vector_7
                0x000000a2                __vector_5
                0x000000a2                __vector_4
                0x000000a2                __vector_9
                0x000000a2                __vector_2
                0x000000a2                __vector_15
                0x000000a2                __vector_8
                0x000000a2                __vector_14
                0x000000a2                __vector_10
                0x000000a2                __vector_16
                0x000000a2                __vector_20
                0x000000a6                        . = ALIGN (0x2)
 *(.text.*)
 .text.__vector_21
                0x000000a6       0x7e adc.o
                0x000000a6                __vector_21
 .text.ADC_WithInterrupt
                0x00000124       0x3e adc.o
                0x00000124                ADC_WithInterrupt
 .text.valor_potenciometro
                0x00000162       0x5e main.o
                0x00000162                valor_potenciometro
 .text.startup.main
                0x000001c0       0x58 main.o
                0x000001c0                main
 .text.__vector_18
                0x00000218        0xe usart.o
                0x00000218                __vector_18
 .text.usart_transmit
                0x00000226        0xe usart.o
                0x00000226                usart_transmit
 .text.usart_transmit_string
                0x00000234       0x2c usart.o
                0x00000234                usart_transmit_string
 .text.init_usart
                0x00000260       0x24 usart.o
                0x00000260                init_usart
 .text.avr-libc
                0x00000284       0x16 /usr/lib/gcc/avr/14.2.0/../../../../avr/lib/avr5/libc.a(itoa_ncheck.o)
                0x00000284                __itoa_ncheck
 .text.avr-libc
                0x0000029a       0x34 /usr/lib/gcc/avr/14.2.0/../../../../avr/lib/avr5/libc.a(utoa_ncheck.o)
                0x0000029a                __utoa_ncheck
                0x0000029c                __utoa_common
 .text.avr-libc
                0x000002ce       0x20 /usr/lib/gcc/avr/14.2.0/../../../../avr/lib/avr5/libc.a(strrev.o)
                0x000002ce                strrev
                0x000002ee                        . = ALIGN (0x2)
 *(.fini9)
 .fini9         0x000002ee        0x0 /usr/lib/gcc/avr/14.2.0/avr5/libgcc.a(_exit.o)
                0x000002ee                exit
                0x000002ee                _exit
 *(.fini9)
 *(.fini8)
 *(.fini8)
 *(.fini7)
 *(.fini7)
 *(.fini6)
 *(.fini6)
 *(.fini5)
 *(.fini5)
 *(.fini4)
 *(.fini4)
 *(.fini3)
 *(.fini3)
 *(.fini2)
 *(.fini2)
 *(.fini1)
 *(.fini1)
 *(.fini0)
 .fini0         0x000002ee        0x4 /usr/lib/gcc/avr/14.2.0/avr5/libgcc.a(_exit.o)
 *(.fini0)
 *(.hightext)
 *(.hightext*)
 *(.progmemx.*)
                0x000002f2                        . = ALIGN (0x2)
 *(.jumptables)
 *(.jumptables*)
                0x000002f2                        _etext = .

.data           0x00800100       0x26 load address 0x000002f2
                0x00800100                        PROVIDE (__data_start = .)
 *(.data)
 *(.data*)
 *(.gnu.linkonce.d*)
 *(.rodata)
 *(.rodata*)
 .rodata.main.str1.1
                0x00800100       0x25 main.o
 *(.gnu.linkonce.r*)
                0x00800126                        . = ALIGN (0x2)
 *fill*         0x00800125        0x1 
                0x00800126                        _edata = .
                0x00800126                        PROVIDE (__data_end = .)

.bss            0x00800126        0x6
                0x00800126                        PROVIDE (__bss_start = .)
 *(.bss)
 *(.bss*)
 .bss.select    0x00800126        0x1 adc.o
                0x00800126                select
 .bss.POT2      0x00800127        0x2 adc.o
                0x00800127                POT2
 .bss.POT       0x00800129        0x2 adc.o
                0x00800129                POT
 .bss.usart_received_char
                0x0080012b        0x1 usart.o
                0x0080012b                usart_received_char
 *(COMMON)
                0x0080012c                        PROVIDE (__bss_end = .)
                0x000002f2                        __data_load_start = LOADADDR (.data)
                0x00000318                        __data_load_end = (__data_load_start + SIZEOF (.data))

.noinit         0x0080012c        0x0
                [!provide]                        PROVIDE (__noinit_start = .)
 *(.noinit .noinit.* .gnu.linkonce.n.*)
                [!provide]                        PROVIDE (__noinit_end = .)
                0x0080012c                        _end = .
                [!provide]                        PROVIDE (__heap_start = .)
                0x00000000                        __flmap_init_label = DEFINED (__flmap_noinit_start)?__flmap_noinit_start:0x0
                0x00000000                        __flmap = DEFINED (__flmap)?__flmap:0x0

.eeprom         0x00810000        0x0
 *(.eeprom*)
                0x00810000                        __eeprom_end = .

.fuse
 *(.fuse)
 *(.lfuse)
 *(.hfuse)
 *(.efuse)

.lock
 *(.lock*)

.signature
 *(.signature*)

.stab
 *(.stab)

.stabstr
 *(.stabstr)

.stab.excl
 *(.stab.excl)

.stab.exclstr
 *(.stab.exclstr)

.stab.index
 *(.stab.index)

.stab.indexstr
 *(.stab.indexstr)

.comment        0x00000000       0x23
 *(.comment)
 .comment       0x00000000       0x23 adc.o
                                 0x24 (size before relaxing)
 .comment       0x00000023       0x24 main.o
 .comment       0x00000023       0x24 usart.o

.note.gnu.avr.deviceinfo
                0x00000000       0x40
 .note.gnu.avr.deviceinfo
                0x00000000       0x40 /usr/lib/gcc/avr/14.2.0/../../../../avr/lib/avr5/crtatmega328p.o

.gnu.build.attributes
 *(.gnu.build.attributes .gnu.build.attributes.*)

.note.gnu.build-id
 *(.note.gnu.build-id)

.debug
 *(.debug)

.line
 *(.line)

.debug_srcinfo
 *(.debug_srcinfo)

.debug_sfnames
 *(.debug_sfnames)

.debug_aranges  0x00000000       0xf0
 *(.debug_aranges)
 .debug_aranges
                0x00000000       0x28 adc.o
 .debug_aranges
                0x00000028       0x28 main.o
 .debug_aranges
                0x00000050       0x40 usart.o
 .debug_aranges
                0x00000090       0x20 /usr/lib/gcc/avr/14.2.0/avr5/libgcc.a(_exit.o)
 .debug_aranges
                0x000000b0       0x20 /usr/lib/gcc/avr/14.2.0/avr5/libgcc.a(_copy_data.o)
 .debug_aranges
                0x000000d0       0x20 /usr/lib/gcc/avr/14.2.0/avr5/libgcc.a(_clear_bss.o)

.debug_pubnames
 *(.debug_pubnames)

.debug_info     0x00000000      0xbd4
 *(.debug_info .gnu.linkonce.wi.*)
 .debug_info    0x00000000      0x5f4 /usr/lib/gcc/avr/14.2.0/../../../../avr/lib/avr5/crtatmega328p.o
 .debug_info    0x000005f4      0x103 adc.o
 .debug_info    0x000006f7      0x320 main.o
 .debug_info    0x00000a17      0x151 usart.o
 .debug_info    0x00000b68       0x24 /usr/lib/gcc/avr/14.2.0/avr5/libgcc.a(_exit.o)
 .debug_info    0x00000b8c       0x24 /usr/lib/gcc/avr/14.2.0/avr5/libgcc.a(_copy_data.o)
 .debug_info    0x00000bb0       0x24 /usr/lib/gcc/avr/14.2.0/avr5/libgcc.a(_clear_bss.o)

.debug_abbrev   0x00000000      0x968
 *(.debug_abbrev)
 .debug_abbrev  0x00000000      0x5a2 /usr/lib/gcc/avr/14.2.0/../../../../avr/lib/avr5/crtatmega328p.o
 .debug_abbrev  0x000005a2       0xb0 adc.o
 .debug_abbrev  0x00000652      0x1d8 main.o
 .debug_abbrev  0x0000082a      0x102 usart.o
 .debug_abbrev  0x0000092c       0x14 /usr/lib/gcc/avr/14.2.0/avr5/libgcc.a(_exit.o)
 .debug_abbrev  0x00000940       0x14 /usr/lib/gcc/avr/14.2.0/avr5/libgcc.a(_copy_data.o)
 .debug_abbrev  0x00000954       0x14 /usr/lib/gcc/avr/14.2.0/avr5/libgcc.a(_clear_bss.o)

.debug_line     0x00000000      0x703
 *(.debug_line .debug_line.* .debug_line_end)
 .debug_line    0x00000000       0x1d /usr/lib/gcc/avr/14.2.0/../../../../avr/lib/avr5/crtatmega328p.o
 .debug_line    0x0000001d      0x1dd adc.o
 .debug_line    0x000001fa      0x1a5 main.o
 .debug_line    0x0000039f      0x217 usart.o
 .debug_line    0x000005b6       0x51 /usr/lib/gcc/avr/14.2.0/avr5/libgcc.a(_exit.o)
 .debug_line    0x00000607       0x87 /usr/lib/gcc/avr/14.2.0/avr5/libgcc.a(_copy_data.o)
 .debug_line    0x0000068e       0x75 /usr/lib/gcc/avr/14.2.0/avr5/libgcc.a(_clear_bss.o)

.debug_frame    0x00000000      0x10c
 *(.debug_frame)
 .debug_frame   0x00000000       0x44 adc.o
 .debug_frame   0x00000044       0x50 main.o
 .debug_frame   0x00000094       0x78 usart.o

.debug_str      0x00000000      0x490
 *(.debug_str)
 .debug_str     0x00000000      0x208 /usr/lib/gcc/avr/14.2.0/../../../../avr/lib/avr5/crtatmega328p.o
 .debug_str     0x00000208      0x288 adc.o
                                0x184 (size before relaxing)
 .debug_str     0x00000490      0x1f0 main.o
 .debug_str     0x00000490      0x1a8 usart.o
 .debug_str     0x00000490       0x7e /usr/lib/gcc/avr/14.2.0/avr5/libgcc.a(_exit.o)
 .debug_str     0x00000490       0x7e /usr/lib/gcc/avr/14.2.0/avr5/libgcc.a(_copy_data.o)
 .debug_str     0x00000490       0x7e /usr/lib/gcc/avr/14.2.0/avr5/libgcc.a(_clear_bss.o)

.debug_loc
 *(.debug_loc)

.debug_macinfo
 *(.debug_macinfo)

.debug_weaknames
 *(.debug_weaknames)

.debug_funcnames
 *(.debug_funcnames)

.debug_typenames
 *(.debug_typenames)

.debug_varnames
 *(.debug_varnames)

.debug_pubtypes
 *(.debug_pubtypes)

.debug_ranges
 *(.debug_ranges)

.debug_addr
 *(.debug_addr)

.debug_line_str
                0x00000000       0xd4
 *(.debug_line_str)
 .debug_line_str
                0x00000000       0xd4 adc.o
                                 0x64 (size before relaxing)
 .debug_line_str
                0x000000d4       0x7e main.o
 .debug_line_str
                0x000000d4       0x72 usart.o
 .debug_line_str
                0x000000d4       0x72 /usr/lib/gcc/avr/14.2.0/avr5/libgcc.a(_exit.o)
 .debug_line_str
                0x000000d4       0x72 /usr/lib/gcc/avr/14.2.0/avr5/libgcc.a(_copy_data.o)
 .debug_line_str
                0x000000d4       0x72 /usr/lib/gcc/avr/14.2.0/avr5/libgcc.a(_clear_bss.o)

.debug_loclists
                0x00000000      0x156
 *(.debug_loclists)
 .debug_loclists
                0x00000000       0x35 adc.o
 .debug_loclists
                0x00000035       0x80 main.o
 .debug_loclists
                0x000000b5       0xa1 usart.o

.debug_macro
 *(.debug_macro)

.debug_names
 *(.debug_names)

.debug_rnglists
                0x00000000       0x5d
 *(.debug_rnglists)
 .debug_rnglists
                0x00000000       0x19 adc.o
 .debug_rnglists
                0x00000019       0x19 main.o
 .debug_rnglists
                0x00000032       0x2b usart.o

.debug_str_offsets
 *(.debug_str_offsets)

.debug_sup
 *(.debug_sup)
OUTPUT(actividad_tres.elf elf32-avr)
LOAD linker stubs
